#-----------------------------------------------------------
# Vivado v2019.2 (64-bit)
# SW Build 2708876 on Wed Nov  6 21:40:23 MST 2019
# IP Build 2700528 on Thu Nov  7 00:09:20 MST 2019
# Start of session at: Wed Aug 16 11:51:38 2023
# Process ID: 20024
# Current directory: E:/LONGXIN/nscscc2023_mips_v2.0/fpga_template_mips_utf8_v1.0
# Command line: vivado.exe -gui_launcher_event rodinguilauncherevent24088 E:\LONGXIN\nscscc2023_mips_v2.0\fpga_template_mips_utf8_v1.0\thinpad_top.xpr
# Log file: E:/LONGXIN/nscscc2023_mips_v2.0/fpga_template_mips_utf8_v1.0/vivado.log
# Journal file: E:/LONGXIN/nscscc2023_mips_v2.0/fpga_template_mips_utf8_v1.0\vivado.jou
#-----------------------------------------------------------
start_gui
open_project E:/LONGXIN/nscscc2023_mips_v2.0/fpga_template_mips_utf8_v1.0/thinpad_top.xpr
update_compile_order -fileset sources_1
launch_simulation
open_wave_config E:/LONGXIN/nscscc2023_mips_v2.0/fpga_template_mips_utf8_v1.0/tb_behav1.wcfg
source tb.tcl
save_wave_config {E:/LONGXIN/nscscc2023_mips_v2.0/fpga_template_mips_utf8_v1.0/tb_behav1.wcfg}
close_sim
launch_simulation
open_wave_config E:/LONGXIN/nscscc2023_mips_v2.0/fpga_template_mips_utf8_v1.0/tb_behav1.wcfg
source tb.tcl
run 1 s
run 1 s
reset_run impl_1 -prev_step 
launch_runs impl_1 -to_step write_bitstream -jobs 16
wait_on_run impl_1
reset_run impl_1 -prev_step 
reset_run synth_1
launch_runs synth_1 -jobs 16
wait_on_run synth_1
launch_runs impl_1 -jobs 16
wait_on_run impl_1
reset_run impl_1
launch_runs impl_1 -jobs 16
wait_on_run impl_1
launch_runs impl_1 -to_step write_bitstream -jobs 16
wait_on_run impl_1
close_sim
